A51 MACRO ASSEMBLER  TEST3                                                                11/27/2018 09:17:20 PAGE     1


MACRO ASSEMBLER A51 V8.02
OBJECT MODULE PLACED IN Test3.OBJ
ASSEMBLER INVOKED BY: D:\Program Files\Keil\C51\BIN\A51.EXE Test3.asm SET(SMALL) DEBUG EP

LOC  OBJ            LINE     SOURCE

0000                   1     ORG 0000H
0000 0130              2         AJMP MAIN
                       3     
0030                   4     ORG 0030H
0030                   5     MAIN:
0030 758160            6         MOV SP, #60H     ;设置堆栈指针
0033 75A0FE            7         MOV P2, #0FEH    ;将P2砅2.0外全置为高电平
0036                   8     LOOP1:
0036 2090FD            9         JB P1.0, LOOP1   ;P1.0位为0，则继续执行, 否则在此语句循环
0039 E5A0             10         MOV A, P2        ;将P2的值赋给A
003B 23               11         RL A             ;将A循环左移
003C F5A0             12         MOV P2,A         ;将A的值赋给P2
003E 1142             13         ACALL DL100ms    ;调用延时100ms子程序
0040 80F4             14         SJMP LOOP1       ;继续循环
                      15     
0042                  16     DL100ms:             ;双重循环延时100ms子程序
0042 7FC8             17         MOV R7, #200     ;t = (2 * 250) * 200 = 100000us = 100ms
0044 7EFA             18     DL: MOV R6, #250
0046 DEFE             19         DJNZ R6, $
0048 DFFA             20         DJNZ R7, DL
004A 22               21         RET
                      22     END
A51 MACRO ASSEMBLER  TEST3                                                                11/27/2018 09:17:20 PAGE     2

SYMBOL TABLE LISTING
------ ----- -------


N A M E             T Y P E  V A L U E   ATTRIBUTES

DL . . . . . . . .  C ADDR   0044H   A   
DL100MS. . . . . .  C ADDR   0042H   A   
LOOP1. . . . . . .  C ADDR   0036H   A   
MAIN . . . . . . .  C ADDR   0030H   A   
P1 . . . . . . . .  D ADDR   0090H   A   
P2 . . . . . . . .  D ADDR   00A0H   A   
SP . . . . . . . .  D ADDR   0081H   A   


REGISTER BANK(S) USED: 0 


ASSEMBLY COMPLETE.  0 WARNING(S), 0 ERROR(S)
