BL51 BANKED LINKER/LOCATER V6.22                                                        11/27/2018  09:17:20  PAGE 1


BL51 BANKED LINKER/LOCATER V6.22, INVOKED BY:
D:\PROGRAM FILES\KEIL\C51\BIN\BL51.EXE Test3.obj TO Test


INPUT MODULES INCLUDED:
  Test3.obj (TEST3)


LINK MAP OF MODULE:  Test (TEST3)


            TYPE    BASE      LENGTH    RELOCATION   SEGMENT NAME
            -----------------------------------------------------

            * * * * * * *   D A T A   M E M O R Y   * * * * * * *
            REG     0000H     0008H     ABSOLUTE     "REG BANK 0"

            * * * * * * *   C O D E   M E M O R Y   * * * * * * *
            CODE    0000H     004BH     ABSOLUTE     



SYMBOL TABLE OF MODULE:  Test (TEST3)

  VALUE           TYPE          NAME
  ----------------------------------

  -------         MODULE        TEST3
  C:0044H         SYMBOL        DL
  C:0042H         SYMBOL        DL100MS
  C:0036H         SYMBOL        LOOP1
  C:0030H         SYMBOL        MAIN
  D:0090H         SYMBOL        P1
  D:00A0H         SYMBOL        P2
  D:0081H         SYMBOL        SP
  C:0000H         LINE#         2
  C:0030H         LINE#         6
  C:0033H         LINE#         7
  C:0036H         LINE#         9
  C:0039H         LINE#         10
  C:003BH         LINE#         11
  C:003CH         LINE#         12
  C:003EH         LINE#         13
  C:0040H         LINE#         14
  C:0042H         LINE#         17
  C:0044H         LINE#         18
  C:0046H         LINE#         19
  C:0048H         LINE#         20
  C:004AH         LINE#         21
  -------         ENDMOD        TEST3

Program Size: data=8.0 xdata=0 code=75
LINK/LOCATE RUN COMPLETE.  0 WARNING(S),  0 ERROR(S)
