BL51 BANKED LINKER/LOCATER V6.22                                                        12/20/2018  16:03:10  PAGE 1


BL51 BANKED LINKER/LOCATER V6.22, INVOKED BY:
C:\KEIL\C51\BIN\BL51.EXE Test9.obj TO Test


MEMORY MODEL: SMALL


INPUT MODULES INCLUDED:
  Test9.obj (TEST9)
  C:\KEIL\C51\LIB\C51S.LIB (?C_STARTUP)


LINK MAP OF MODULE:  Test (TEST9)


            TYPE    BASE      LENGTH    RELOCATION   SEGMENT NAME
            -----------------------------------------------------

            * * * * * * *   D A T A   M E M O R Y   * * * * * * *
            REG     0000H     0008H     ABSOLUTE     "REG BANK 0"
            DATA    0008H     0002H     UNIT         ?DT?TEST9
            IDATA   000AH     0001H     UNIT         ?STACK

            * * * * * * *   C O D E   M E M O R Y   * * * * * * *
            CODE    0000H     0003H     ABSOLUTE     
            CODE    0003H     0003H     ABSOLUTE     
                    0006H     07FAH                  *** GAP ***
            CODE    0800H     003FH     UNIT         ?PR?S_TIMER0?TEST9
            CODE    083FH     002AH     UNIT         ?PR?_CONTROL?TEST9
            CODE    0869H     001EH     UNIT         ?PR?_DELAY?TEST9
            CODE    0887H     000CH     UNIT         ?C_C51STARTUP
            CODE    0893H     0008H     UNIT         ?PR?MAIN?TEST9



OVERLAY MAP OF MODULE:   Test (TEST9)


SEGMENT
  +--> CALLED SEGMENT
---------------------
?PR?S_TIMER0?TEST9
  +--> ?PR?_CONTROL?TEST9
  +--> ?PR?_DELAY?TEST9

?PR?_CONTROL?TEST9
  +--> ?PR?_DELAY?TEST9

*** NEW ROOT ***************************************************

?C_C51STARTUP
  +--> ?PR?MAIN?TEST9



SYMBOL TABLE OF MODULE:  Test (TEST9)

  VALUE           TYPE          NAME
BL51 BANKED LINKER/LOCATER V6.22                                                      12/20/2018  16:03:10  PAGE 2


  ----------------------------------

  -------         MODULE        TEST9
  C:0000H         SYMBOL        _ICE_DUMMY_
  D:0080H         PUBLIC        P0
  D:0090H         PUBLIC        P1
  D:00B0H         PUBLIC        P3
  C:083FH         PUBLIC        _control
  B:00A8H.7       PUBLIC        EA
  B:0080H.0       PUBLIC        LED1
  D:00A8H         PUBLIC        IE
  C:0869H         PUBLIC        _delay
  D:00B8H         PUBLIC        IP
  C:0893H         PUBLIC        main
  C:0800H         PUBLIC        s_timer0
  D:0098H         PUBLIC        SCON
  D:0088H         PUBLIC        TCON
  B:00A8H.0       PUBLIC        EX0
  B:0088H.0       PUBLIC        IT0
  D:0008H         PUBLIC        count_int
  B:0080H.1       PUBLIC        BUZZER
  D:00C8H         PUBLIC        T2CON
  D:00D0H         PUBLIC        PSW
  -------         PROC          _DELAY
  D:0006H         SYMBOL        c
  -------         DO            
  D:0006H         SYMBOL        x
  D:0004H         SYMBOL        y
  -------         ENDDO         
  C:0869H         LINE#         11
  C:0869H         LINE#         12
  C:0869H         LINE#         14
  C:0872H         LINE#         15
  C:0886H         LINE#         16
  -------         ENDPROC       _DELAY
  -------         PROC          _CONTROL
  D:0002H         SYMBOL        count_int
  -------         DO            
  D:0082H         SYMBOL        i
  -------         ENDDO         
  C:083FH         LINE#         18
  C:0843H         LINE#         19
  C:0843H         LINE#         21
  C:084FH         LINE#         22
  C:084FH         LINE#         23
  C:0851H         LINE#         24
  C:0853H         LINE#         25
  C:085AH         LINE#         26
  C:085CH         LINE#         27
  C:085EH         LINE#         28
  C:0865H         LINE#         29
  C:0868H         LINE#         30
  -------         ENDPROC       _CONTROL
  -------         PROC          S_TIMER0
  C:0800H         LINE#         32
  C:080BH         LINE#         34
  C:080DH         LINE#         35
BL51 BANKED LINKER/LOCATER V6.22                                                      12/20/2018  16:03:10  PAGE 3


  C:0814H         LINE#         36
  C:081CH         LINE#         37
  C:0823H         LINE#         38
  C:082EH         LINE#         39
  C:0834H         LINE#         40
  C:0836H         LINE#         41
  -------         ENDPROC       S_TIMER0
  -------         PROC          MAIN
  C:0893H         LINE#         43
  C:0893H         LINE#         44
  C:0893H         LINE#         45
  C:0895H         LINE#         46
  C:0897H         LINE#         47
  C:0899H         LINE#         48
  -------         ENDPROC       MAIN
  -------         ENDMOD        TEST9

******************************************************************************
* RESTRICTED VERSION WITH 0800H BYTE CODE SIZE LIMIT; USED: 0092H BYTE ( 7%) *
******************************************************************************

Program Size: data=11.0 xdata=0 code=161
LINK/LOCATE RUN COMPLETE.  0 WARNING(S),  0 ERROR(S)
