BL51 BANKED LINKER/LOCATER V6.22                                                        12/06/2018  14:54:49  PAGE 1


BL51 BANKED LINKER/LOCATER V6.22, INVOKED BY:
C:\KEIL\C51\BIN\BL51.EXE Test6.obj TO Test


INPUT MODULES INCLUDED:
  Test6.obj (TEST6)


LINK MAP OF MODULE:  Test (TEST6)


            TYPE    BASE      LENGTH    RELOCATION   SEGMENT NAME
            -----------------------------------------------------

            * * * * * * *   D A T A   M E M O R Y   * * * * * * *
            REG     0000H     0008H     ABSOLUTE     "REG BANK 0"

            * * * * * * *   C O D E   M E M O R Y   * * * * * * *
            CODE    0000H     00B3H     ABSOLUTE     



SYMBOL TABLE OF MODULE:  Test (TEST6)

  VALUE           TYPE          NAME
  ----------------------------------

  -------         MODULE        TEST6
  C:0042H         SYMBOL        BUTTON0
  C:004AH         SYMBOL        BUTTON1
  C:0052H         SYMBOL        BUTTON2
  C:005DH         SYMBOL        BUTTON3
  C:00ABH         SYMBOL        DL0
  C:00A9H         SYMBOL        DL1
  C:00A7H         SYMBOL        DL2
  C:00A6H         SYMBOL        DLS
  C:00A5H         SYMBOL        GORET
  C:0030H         SYMBOL        MAIN
  C:0091H         SYMBOL        NEXT1
  C:009CH         SYMBOL        NEXT2
  D:0080H         SYMBOL        P0
  D:0090H         SYMBOL        P1
  D:00B0H         SYMBOL        P3
  C:0086H         SYMBOL        SCAN
  D:0081H         SYMBOL        SP
  C:0077H         SYMBOL        Z_FAN
  C:0068H         SYMBOL        Z_ZHANG
  C:0000H         LINE#         2
  C:0030H         LINE#         6
  C:0033H         LINE#         7
  C:0036H         LINE#         8
  C:0039H         LINE#         9
  C:003BH         LINE#         10
  C:003DH         LINE#         12
  C:0040H         LINE#         13
  C:0042H         LINE#         16
  C:0045H         LINE#         17
  C:0048H         LINE#         18
BL51 BANKED LINKER/LOCATER V6.22                                                      12/06/2018  14:54:49  PAGE 2


  C:004AH         LINE#         21
  C:004DH         LINE#         22
  C:0050H         LINE#         23
  C:0052H         LINE#         26
  C:0053H         LINE#         27
  C:0054H         LINE#         28
  C:0055H         LINE#         29
  C:0056H         LINE#         30
  C:0057H         LINE#         31
  C:0059H         LINE#         32
  C:005BH         LINE#         33
  C:005DH         LINE#         36
  C:005EH         LINE#         37
  C:005FH         LINE#         38
  C:0060H         LINE#         39
  C:0061H         LINE#         40
  C:0062H         LINE#         41
  C:0064H         LINE#         42
  C:0066H         LINE#         43
  C:0068H         LINE#         46
  C:006AH         LINE#         47
  C:006DH         LINE#         48
  C:006FH         LINE#         49
  C:0070H         LINE#         50
  C:0072H         LINE#         51
  C:0075H         LINE#         52
  C:0077H         LINE#         55
  C:0079H         LINE#         56
  C:007CH         LINE#         57
  C:007EH         LINE#         58
  C:007FH         LINE#         59
  C:0081H         LINE#         60
  C:0084H         LINE#         61
  C:0086H         LINE#         64
  C:0089H         LINE#         65
  C:008CH         LINE#         66
  C:008FH         LINE#         67
  C:0091H         LINE#         69
  C:0094H         LINE#         70
  C:0097H         LINE#         71
  C:009AH         LINE#         72
  C:009CH         LINE#         74
  C:009FH         LINE#         75
  C:00A2H         LINE#         76
  C:00A5H         LINE#         78
  C:00A6H         LINE#         81
  C:00A7H         LINE#         83
  C:00A9H         LINE#         85
  C:00ABH         LINE#         87
  C:00ADH         LINE#         88
  C:00AFH         LINE#         89
  C:00B1H         LINE#         90
  C:00B2H         LINE#         91
  -------         ENDMOD        TEST6

******************************************************************************
* RESTRICTED VERSION WITH 0800H BYTE CODE SIZE LIMIT; USED: 0085H BYTE ( 6%) *
BL51 BANKED LINKER/LOCATER V6.22                                                      12/06/2018  14:54:49  PAGE 3


******************************************************************************

Program Size: data=8.0 xdata=0 code=179
LINK/LOCATE RUN COMPLETE.  0 WARNING(S),  0 ERROR(S)
