BL51 BANKED LINKER/LOCATER V6.22                                                        12/06/2018  15:03:09  PAGE 1


BL51 BANKED LINKER/LOCATER V6.22, INVOKED BY:
C:\KEIL\C51\BIN\BL51.EXE Test1.obj TO Test


INPUT MODULES INCLUDED:
  Test1.obj (TEST1)


LINK MAP OF MODULE:  Test (TEST1)


            TYPE    BASE      LENGTH    RELOCATION   SEGMENT NAME
            -----------------------------------------------------

            * * * * * * *   D A T A   M E M O R Y   * * * * * * *
            REG     0000H     0008H     ABSOLUTE     "REG BANK 0"

            * * * * * * *   C O D E   M E M O R Y   * * * * * * *
            CODE    0000H     3022H     ABSOLUTE     



SYMBOL TABLE OF MODULE:  Test (TEST1)

  VALUE           TYPE          NAME
  ----------------------------------

  -------         MODULE        TEST1
  D:00F0H         SYMBOL        B
  C:0039H         SYMBOL        GET
  C:0046H         SYMBOL        L1
  C:0052H         SYMBOL        L2
  C:0030H         SYMBOL        MAIN
  C:3000H         SYMBOL        TABLE
  C:0000H         LINE#         2
  C:0030H         LINE#         6
  C:0032H         LINE#         7
  C:0034H         LINE#         8
  C:0037H         LINE#         9
  C:0039H         LINE#         12
  C:003AH         LINE#         13
  C:003BH         LINE#         14
  C:003CH         LINE#         15
  C:003DH         LINE#         16
  C:003EH         LINE#         17
  C:0040H         LINE#         19
  C:0042H         LINE#         20
  C:0044H         LINE#         21
  C:0046H         LINE#         25
  C:0047H         LINE#         26
  C:0048H         LINE#         27
  C:0049H         LINE#         28
  C:004AH         LINE#         29
  C:004BH         LINE#         30
  C:004CH         LINE#         31
  C:004EH         LINE#         34
  C:004FH         LINE#         35
  C:0050H         LINE#         36
BL51 BANKED LINKER/LOCATER V6.22                                                      12/06/2018  15:03:09  PAGE 2


  C:0051H         LINE#         37
  C:0052H         LINE#         40
  C:0054H         LINE#         43
  C:0056H         LINE#         44
  C:0058H         LINE#         45
  C:0059H         LINE#         46
  C:005BH         LINE#         47
  C:3020H         LINE#         56
  -------         ENDMOD        TEST1

******************************************************************************
* RESTRICTED VERSION WITH 0800H BYTE CODE SIZE LIMIT; USED: 0051H BYTE ( 3%) *
******************************************************************************

Program Size: data=8.0 xdata=0 code=12322
LINK/LOCATE RUN COMPLETE.  0 WARNING(S),  0 ERROR(S)
