C51 COMPILER V9.01   TEST2                                                                 11/27/2018 02:08:48 PAGE 1   


C51 COMPILER V9.01, COMPILATION OF MODULE TEST2
OBJECT MODULE PLACED IN Test2.OBJ
COMPILER INVOKED BY: D:\Program Files\Keil\C51\BIN\C51.EXE Test2.c BROWSE DEBUG OBJECTEXTEND

line level    source

   1          #include <reg51.h>
   2          #include <stdio.h>
   3          
   4          #define uchar unsigned char
   5          #define uint unsigned char
   6          
   7          uchar data a[32] _at_ 0x30;        
   8          uint i, j;
   9          
  10          void main() {  
  11   1      
  12   1          //赋初始值
  13   1              a[0] = 1;
  14   1              a[1] = 9;
  15   1              a[2] = 2;
  16   1              a[3] = 10;
  17   1              a[4] = 8;
  18   1              a[5] = 3;
  19   1              a[6] = 17;
  20   1              a[7] = 7;
  21   1              a[8] = 16;
  22   1              a[9] = 4;
  23   1              a[10] = 6;
  24   1              a[11] = 18;
  25   1              a[12] = 11;
  26   1              a[13] = 5;
  27   1              a[14] = 14;
  28   1              a[15] = 12;
  29   1              a[16] = 15;
  30   1              a[17] = 25;
  31   1              a[18] = 13;
  32   1              a[19] = 24;
  33   1              a[20] = 23;
  34   1              a[21] = 26;
  35   1              a[22] = 19;
  36   1              a[23] = 22;
  37   1              a[24] = 28;
  38   1              a[25] = 27;
  39   1              a[26] = 21;
  40   1              a[27] = 20;
  41   1              a[28] = 31;
  42   1              a[29] = 30;
  43   1              a[30] = 32;
  44   1              a[31] = 29;
  45   1      
  46   1              //冒泡法排序
  47   1              for(i=0; i<32; i++) {  //外层循环(32次)
  48   2                  for(j=0; j<32-1-i; j++) {  //内层循环(32-1-i次)
  49   3                          if(a[j] > a[j+1]) {  //如果前一项小于后一项, 则交换他们
  50   4                                  uchar tmp = a[j+1];
  51   4                                      a[j+1] = a[j];
  52   4                                      a[j] = tmp;
  53   4                              }
  54   3                      }
  55   2              }
C51 COMPILER V9.01   TEST2                                                                 11/27/2018 02:08:48 PAGE 2   

  56   1      
  57   1              while(1) {} //使程序停止
  58   1      }


MODULE INFORMATION:   STATIC OVERLAYABLE
   CODE SIZE        =    173    ----
   CONSTANT SIZE    =   ----    ----
   XDATA SIZE       =   ----    ----
   PDATA SIZE       =   ----    ----
   DATA SIZE        =      2       1
   IDATA SIZE       =   ----    ----
   BIT SIZE         =   ----    ----
END OF MODULE INFORMATION.


C51 COMPILATION COMPLETE.  0 WARNING(S),  0 ERROR(S)
