BL51 BANKED LINKER/LOCATER V6.22                                                        12/06/2018  14:41:00  PAGE 1


BL51 BANKED LINKER/LOCATER V6.22, INVOKED BY:
C:\KEIL\C51\BIN\BL51.EXE Test5.obj TO Test


INPUT MODULES INCLUDED:
  Test5.obj (TEST5)


LINK MAP OF MODULE:  Test (TEST5)


            TYPE    BASE      LENGTH    RELOCATION   SEGMENT NAME
            -----------------------------------------------------

            * * * * * * *   D A T A   M E M O R Y   * * * * * * *
            REG     0000H     0008H     ABSOLUTE     "REG BANK 0"

            * * * * * * *   C O D E   M E M O R Y   * * * * * * *
            CODE    0000H     00B5H     ABSOLUTE     



SYMBOL TABLE OF MODULE:  Test (TEST5)

  VALUE           TYPE          NAME
  ----------------------------------

  -------         MODULE        TEST5
  C:0080H         SYMBOL        ADJUST
  C:006BH         SYMBOL        DISPLAY
  C:00A4H         SYMBOL        DL
  C:0099H         SYMBOL        DL1
  C:00A2H         SYMBOL        DL100MS
  C:0095H         SYMBOL        DL1S
  C:0097H         SYMBOL        DL2
  B:00D0H.5       SYMBOL        F0
  C:0094H         SYMBOL        GORET
  C:003BH         SYMBOL        LOOP
  C:003EH         SYMBOL        LOOP1
  C:0049H         SYMBOL        LOOP2
  C:004CH         SYMBOL        LOOP3
  C:005BH         SYMBOL        LOOP4
  C:0030H         SYMBOL        MAIN
  D:0090H         SYMBOL        P1
  D:00B0H         SYMBOL        P3
  D:0081H         SYMBOL        SP
  C:00ABH         SYMBOL        TABLE
  N:FE00H         SYMBOL        U1
  N:FD00H         SYMBOL        U10
  C:0000H         LINE#         2
  C:0030H         LINE#         6
  C:0033H         LINE#         7
  C:0035H         LINE#         8
  C:0037H         LINE#         9
  C:0039H         LINE#         10
  C:003BH         LINE#         13
  C:003EH         LINE#         15
  C:0040H         LINE#         16
BL51 BANKED LINKER/LOCATER V6.22                                                      12/06/2018  14:41:00  PAGE 2


  C:0042H         LINE#         17
  C:0044H         LINE#         18
  C:0046H         LINE#         19
  C:0049H         LINE#         21
  C:004CH         LINE#         23
  C:004FH         LINE#         24
  C:0052H         LINE#         25
  C:0055H         LINE#         26
  C:0058H         LINE#         27
  C:005BH         LINE#         30
  C:005DH         LINE#         31
  C:0060H         LINE#         32
  C:0062H         LINE#         33
  C:0065H         LINE#         34
  C:0068H         LINE#         35
  C:006BH         LINE#         38
  C:006DH         LINE#         39
  C:0070H         LINE#         40
  C:0071H         LINE#         41
  C:0074H         LINE#         42
  C:0075H         LINE#         43
  C:0077H         LINE#         44
  C:007AH         LINE#         45
  C:007BH         LINE#         46
  C:007EH         LINE#         47
  C:007FH         LINE#         48
  C:0080H         LINE#         51
  C:0082H         LINE#         52
  C:0084H         LINE#         53
  C:0087H         LINE#         54
  C:008AH         LINE#         55
  C:008CH         LINE#         56
  C:008EH         LINE#         57
  C:0091H         LINE#         58
  C:0093H         LINE#         59
  C:0094H         LINE#         61
  C:0095H         LINE#         64
  C:0097H         LINE#         66
  C:0099H         LINE#         68
  C:009BH         LINE#         69
  C:009DH         LINE#         70
  C:009FH         LINE#         71
  C:00A1H         LINE#         72
  C:00A2H         LINE#         75
  C:00A4H         LINE#         77
  C:00A6H         LINE#         78
  C:00A8H         LINE#         79
  C:00AAH         LINE#         80
  -------         ENDMOD        TEST5

******************************************************************************
* RESTRICTED VERSION WITH 0800H BYTE CODE SIZE LIMIT; USED: 0087H BYTE ( 6%) *
******************************************************************************

Program Size: data=8.0 xdata=0 code=181
LINK/LOCATE RUN COMPLETE.  0 WARNING(S),  0 ERROR(S)
